[Licensing::Module] Trying to connect to existing licensing client channel...
[Licensing::IpcConnector] Successfully connected to: "LicenseClient-rouch" at "2026-10-01T22:16:10.9589599Z"
Built from '6000.5/staging' branch; Version is '6000.5.8f1 (5cb7df797b7d) revision 6076383'; Using compiler version '194234433'; Build Type 'Release'
OS: 'Windows 11  (10.0.26200) Core' Language: 'en' Physical Memory: 32656 MB
BatchMode: 1, IsHumanControllingUs: 0, StartBugReporterOnCrash: 0, Is64bit: 1
System  architecture: x64
Process architecture: x64
Date: 2026-10-01T22:16:10Z
[Licensing::Client] Code 10 while verifying Licensing Client signature (process Id: 22456, path: "C:/Program Files/Unity Hub/UnityLicensingClient_V1/Unity.Licensing.Client.exe")
[Licensing::Module] LicensingClient has failed validation; ignoring
[Licensing::Client] Handshaking with LicensingClient:
  Version:                 1.18.3+d7ffd15
  Session Id:              e4704f5950eb446e977053ab94b49ea9
  Correlation Id:          f113397688526aba58c06aec4323c7ed
  External correlation Id: 3567789672970422254
  Machine Id:              m1qeZnm7sDzaOkMRI9JbU4xs/j8=
[Licensing::Module] Successfully connected to LicensingClient on channel: "LicenseClient-rouch" (connect: 0.00s, validation: 0.00s, handshake: 0.12s)
[Licensing::IpcConnector] Successfully connected to: "LicenseClient-rouch-notifications" at "2026-10-01T22:16:11.0767501Z"
[Licensing::Module] Licensing Background thread has ended after 0.12s

COMMAND LINE ARGUMENTS:
C:\Program Files\Unity\Hub\Editor\6000.5.8f1\Editor\Unity.exe
-adb2
-batchMode
-noUpm
-name
AssetImportWorkerHW0
-projectPath
C:/Users/rouch/PuzzleKiosko
-logFile
Logs/AssetImportWorkerHW0.log
-srvPort
53599
-parentPid
25548
-analyticsCloudUserId
anonymous
-analyticsCloudProjectId
d4ed1437-545e-476e-9d03-8d47d3de7336
-analyticsLocalProjectId
d5d782814620c3b42a5797a1b27583cc
-editorAnalyticsEnabled
1
-cbmEditorLicense
a0d627fb193a5664d7c42bc3f2a05e8b59ff7349
-cbmMachineId
m1qeZnm7sDzaOkMRI9JbU4xs/j8=
-licensingIpc
LicenseClient-rouch
-noDiagnosticSwitchPersistentStore
-job-worker-count
7
-background-job-worker-count
8
-asset-garbage-collectors
1
-force-d3d12
-name
AssetImport
Successfully changed project path to: C:/Users/rouch/PuzzleKiosko
C:/Users/rouch/PuzzleKiosko
[UnityMemory] Configuration Parameters - Can be set up in boot.config
    "memorysetup-temp-allocator-size-gi-baking-worker=262144"
    "memorysetup-temp-allocator-size-gi-baking-worker=262144"
    "memorysetup-temp-allocator-size-gi-baking-worker=262144"
    "memorysetup-temp-allocator-size-gi-baking-worker=262144"
    "memorysetup-temp-allocator-size-gi-baking-worker=262144"
    "memorysetup-temp-allocator-size-nav-mesh-worker=65536"
    "memorysetup-temp-allocator-size-audio-worker=65536"
    "memorysetup-temp-allocator-size-cloud-worker=32768"
    "memorysetup-temp-allocator-size-gfx=262144"
    "memorysetup-temp-allocator-size-preload-manager=33554432"
    "memorysetup-allocator-temp-initial-block-size-main=262144"
    "memorysetup-allocator-temp-initial-block-size-worker=262144"
    "memorysetup-temp-allocator-size-job-worker=262144"
    "memorysetup-temp-allocator-size-background-worker=32768"
    "memorysetup-bucket-allocator-granularity=16"
    "memorysetup-bucket-allocator-bucket-count=8"
    "memorysetup-bucket-allocator-block-size=33554432"
    "memorysetup-bucket-allocator-block-count=8"
    "memorysetup-main-allocator-block-size=16777216"
    "memorysetup-thread-allocator-block-size=16777216"
    "memorysetup-main-allocator-mimalloc-enabled=0"
    "memorysetup-gfx-main-allocator-block-size=16777216"
    "memorysetup-gfx-thread-allocator-block-size=16777216"
    "memorysetup-cache-allocator-block-size=4194304"
    "memorysetup-typetree-allocator-block-size=2097152"
    "memorysetup-profiler-bucket-allocator-granularity=16"
    "memorysetup-profiler-bucket-allocator-bucket-count=8"
    "memorysetup-profiler-bucket-allocator-block-size=33554432"
    "memorysetup-profiler-bucket-allocator-block-count=8"
    "memorysetup-profiler-allocator-block-size=16777216"
    "memorysetup-profiler-editor-allocator-block-size=1048576"
    "memorysetup-temp-allocator-size-main=16777216"
    "memorysetup-job-temp-allocator-block-size=2097152"
    "memorysetup-job-temp-allocator-block-size-background=1048576"
    "memorysetup-job-temp-allocator-reduction-small-platforms=262144"
Player connection [19696]  Target information:

Player connection [19696]  * "[IP] 192.168.1.24 [Port] 0 [Flags] 2 [Guid] 133414711 [EditorId] 133414711 [Version] 1048832 [Id] WindowsEditor(7,PC-BUILD) [Debug] 1 [PackageName] WindowsEditor [ProjectName] Editor" 

Player connection [19696] Host joined multi-casting on [225.0.0.222:54997]...
Player connection [19696] Host joined alternative multi-casting on [225.0.0.222:34997]...
JobSystem: Creating JobQueue using job-worker-count value 7
Input System module state changed to: Initialized.
[Physics::Module] Initialized fallback backend.
[Physics::Module] Id: 0xdecafbad
Library Redirect Path: Library/
[Physics::Module] Selected backend.
[Physics::Module] Name: PhysX
[Physics::Module] Id: 0xf2b8ea05
[Physics::Module] SDK Version: 4.1.2
[Physics::Module] Integration Version: 1.0.0
[Physics::Module] Threading Mode: Multi-Threaded
Refreshing native plugins compatible for Editor in 672.73 ms, found 5 plugins.
Initialize engine version: 6000.5.8f1 (5cb7df797b7d)
[Subsystems] Discovering subsystems at path C:/Program Files/Unity/Hub/Editor/6000.5.8f1/Editor/Data/Resources/UnitySubsystems
[Subsystems] Discovering subsystems at path C:/Users/rouch/PuzzleKiosko/Assets
Forcing GfxDevice: Direct3D 12
GfxDevice: creating device client; kGfxThreadingModeNonThreaded
d3d12: failed to query info queue interface (0x80004002).
Direct3D:
    Version:         Direct3D 12 [level 12.2]
    Renderer:        NVIDIA GeForce RTX 4060 (ID=0x2882)
    Vendor:          NVIDIA
    VRAM:            7957 MB
    App VRAM Budget: 7189 MB
    Driver:          32.0.16.1714
Initialize mono
Mono path[0] = 'C:/Program Files/Unity/Hub/Editor/6000.5.8f1/Editor/Data/Managed'
Mono path[1] = 'C:/Program Files/Unity/Hub/Editor/6000.5.8f1/Editor/Data/BCLExtensions/runtime/netstandard2.1'
Mono path[2] = 'C:/Program Files/Unity/Hub/Editor/6000.5.8f1/Editor/Data/MonoBleedingEdge/lib/mono/unityjit-win32'
Mono config path = 'C:/Program Files/Unity/Hub/Editor/6000.5.8f1/Editor/Data/MonoBleedingEdge/etc'
Using monoOptions --debugger-agent=transport=dt_socket,embedding=1,server=y,suspend=n,address=127.0.0.1:56648
CodeReloadManager initialized
Begin MonoManager ReloadAssembly
Registering precompiled unity dll's ...
Register platform support module: C:/Program Files/Unity/Hub/Editor/6000.5.8f1/Editor/Data/PlaybackEngines/WebGLSupport/UnityEditor.WebGL.Extensions.dll
Register platform support module: C:/Program Files/Unity/Hub/Editor/6000.5.8f1/Editor/Data/PlaybackEngines/WindowsStandaloneSupport/UnityEditor.WindowsStandalone.Extensions.dll
Registered in 0.329817 seconds.
Native extension for WindowsStandalone target not found
Native extension for WebGL target not found
Package Manager log level set to [2]
[Package Manager] Failed to launch server process. Reason: Unity was launched with the -noUpm command-line argument
[Package Manager] Unable to send message (not connected to server process).
[Package Manager] Cannot connect to Unity Package Manager local server
ScheduleIndexationOnStartup MainProcess:False IndexOnStartup:True
Mono: successfully reloaded assembly
- Finished resetting the current domain, in  1.499 seconds
Domain Reload Profiling: 2820ms
	BeginReloadAssembly (296ms)
	RebuildCommonClasses (5ms)
	RebuildNativeTypeToScriptingClass (16ms)
	initialDomainReloadingComplete (427ms)
	LoadAllAssembliesAndSetupDomain (575ms)
		LoadAssemblies (289ms)
		AnalyzeDomain (477ms)
			TypeCache.Refresh (476ms)
				TypeCache.ScanAssembly (284ms)
	FinalizeReload (1501ms)
		SetupLoadedEditorAssemblies (0ms)
			InitializePlatformSupportModulesInManaged (3ms)
			BeforeProcessingInitializeOnLoad (90ms)
			ProcessInitializeOnLoadAttributes (106ms)
			ProcessInitializeOnLoadMethodAttributes (1227ms)
Initializing Unity extensions:
[Licensing::Client] Successfully resolved entitlement details
[Licensing::Module] License group:
  Id: 4674159921533-UnityPersXXXX
  Product: Unity Personal
  Type: Assigned
  Expiration: Unlimited
========================================================================
Worker process is ready to serve import requests
Import Worker Mode flag is 0x00
Begin MonoManager ReloadAssembly
Refreshing native plugins compatible for Editor in 6.63 ms, found 5 plugins.
Native extension for WindowsStandalone target not found
Native extension for WebGL target not found
[Package Manager] Failed to launch server process. Reason: Unity was launched with the -noUpm command-line argument
[Package Manager] Unable to send message (not connected to server process).
[Package Manager] Cannot connect to Unity Package Manager local server
Refreshing native plugins compatible for Editor in 5.27 ms, found 5 plugins.
[Package Manager] Failed to launch server process. Reason: Unity was launched with the -noUpm command-line argument
[Package Manager] Unable to send message (not connected to server process).
[Package Manager] Cannot connect to Unity Package Manager local server
ScheduleIndexationOnStartup MainProcess:False IndexOnStartup:True
Mono: successfully reloaded assembly
- Finished resetting the current domain, in  1.012 seconds
Domain Reload Profiling: 3321ms
	BeginReloadAssembly (276ms)
		DisableScriptedObjects (14ms)
		CreateAndSetChildDomain (33ms)
	RebuildCommonClasses (12ms)
	RebuildNativeTypeToScriptingClass (21ms)
	initialDomainReloadingComplete (116ms)
	LoadAllAssembliesAndSetupDomain (1883ms)
		LoadAssemblies (1574ms)
		AnalyzeDomain (276ms)
			TypeCache.Refresh (203ms)
				TypeCache.ScanAssembly (189ms)
			BuildScriptInfoCaches (66ms)
			ResolveRequiredComponents (4ms)
	FinalizeReload (1013ms)
		SetupLoadedEditorAssemblies (0ms)
			InitializePlatformSupportModulesInManaged (3ms)
			BeforeProcessingInitializeOnLoad (119ms)
			ProcessInitializeOnLoadAttributes (546ms)
			ProcessInitializeOnLoadMethodAttributes (121ms)
			AfterProcessingInitializeOnLoad (23ms)
		AwakeInstancesAfterBackupRestoration (9ms)
AcceleratorClientConnectionCallback - disconnected - :0
Launched and connected shader compiler UnityShaderCompiler.exe after 0.01 seconds
Refreshing native plugins compatible for Editor in 4.61 ms, found 5 plugins.
Unloading 0 Unused Serialized files (Serialized files now loaded: 0)
Curl error 3: URL rejected: Malformed input to a URL function
Unloading 5344 unused Assets / (1.3 MB). Loaded Objects now: 6098.
Memory consumption went from 278.9 MB to 277.6 MB.
Total: 9.816600 ms (FindLiveObjects: 0.773400 ms CreateObjectMapping: 2.096000 ms MarkObjects: 5.404100 ms  DeleteObjects: 1.541200 ms)

========================================================================
Received Prepare
AcceleratorClientConnectionCallback - disconnected - :0
[Licensing::Client] Successfully resolved entitlement details
Begin MonoManager ReloadAssembly
Refreshing native plugins compatible for Editor in 4.32 ms, found 5 plugins.
Native extension for WindowsStandalone target not found
Native extension for WebGL target not found
[Package Manager] Failed to launch server process. Reason: Unity was launched with the -noUpm command-line argument
[Package Manager] Unable to send message (not connected to server process).
[Package Manager] Cannot connect to Unity Package Manager local server
[Package Manager] Failed to launch server process. Reason: Unity was launched with the -noUpm command-line argument
[Package Manager] Unable to send message (not connected to server process).
[Package Manager] Cannot connect to Unity Package Manager local server
ScheduleIndexationOnStartup MainProcess:False IndexOnStartup:True
Mono: successfully reloaded assembly
- Finished resetting the current domain, in  0.793 seconds
Domain Reload Profiling: 1751ms
	BeginReloadAssembly (282ms)
		DisableScriptedObjects (22ms)
		CreateAndSetChildDomain (50ms)
	RebuildCommonClasses (8ms)
	RebuildNativeTypeToScriptingClass (16ms)
	initialDomainReloadingComplete (94ms)
	LoadAllAssembliesAndSetupDomain (556ms)
		LoadAssemblies (528ms)
		AnalyzeDomain (13ms)
			TypeCache.Refresh (6ms)
			ResolveRequiredComponents (4ms)
	FinalizeReload (794ms)
		SetupLoadedEditorAssemblies (0ms)
			BeforeProcessingInitializeOnLoad (84ms)
			ProcessInitializeOnLoadAttributes (389ms)
			ProcessInitializeOnLoadMethodAttributes (95ms)
			AfterProcessingInitializeOnLoad (19ms)
		AwakeInstancesAfterBackupRestoration (10ms)
Refreshing native plugins compatible for Editor in 4.68 ms, found 5 plugins.
Unloading 0 Unused Serialized files (Serialized files now loaded: 0)
Unloading 5342 unused Assets / (1.6 MB). Loaded Objects now: 6102.
Memory consumption went from 274.1 MB to 272.5 MB.
Total: 9.583100 ms (FindLiveObjects: 0.511400 ms CreateObjectMapping: 1.516800 ms MarkObjects: 6.038500 ms  DeleteObjects: 1.515200 ms)

Prepare: number of updated asset objects reloaded= 0
EnvironmentDependencyValues requested are different than current active one (requested -> active):
  graphicsApiMask: 2048 -> 264192
========================================================================
Received Prepare
AcceleratorClientConnectionCallback - disconnected - :0
[Licensing::Client] Successfully resolved entitlement details
Begin MonoManager ReloadAssembly
Refreshing native plugins compatible for Editor in 4.10 ms, found 5 plugins.
Native extension for WindowsStandalone target not found
Native extension for WebGL target not found
[Package Manager] Failed to launch server process. Reason: Unity was launched with the -noUpm command-line argument
[Package Manager] Unable to send message (not connected to server process).
[Package Manager] Cannot connect to Unity Package Manager local server
[Package Manager] Failed to launch server process. Reason: Unity was launched with the -noUpm command-line argument
[Package Manager] Unable to send message (not connected to server process).
[Package Manager] Cannot connect to Unity Package Manager local server
ScheduleIndexationOnStartup MainProcess:False IndexOnStartup:True
Mono: successfully reloaded assembly
- Finished resetting the current domain, in  0.705 seconds
Domain Reload Profiling: 1687ms
	BeginReloadAssembly (248ms)
		DisableScriptedObjects (18ms)
		CreateAndSetChildDomain (46ms)
	RebuildCommonClasses (8ms)
	RebuildNativeTypeToScriptingClass (15ms)
	initialDomainReloadingComplete (90ms)
	LoadAllAssembliesAndSetupDomain (620ms)
		LoadAssemblies (460ms)
		AnalyzeDomain (143ms)
			TypeCache.Refresh (7ms)
			BuildScriptInfoCaches (131ms)
			ResolveRequiredComponents (3ms)
	FinalizeReload (706ms)
		SetupLoadedEditorAssemblies (0ms)
			BeforeProcessingInitializeOnLoad (80ms)
			ProcessInitializeOnLoadAttributes (356ms)
			ProcessInitializeOnLoadMethodAttributes (82ms)
			AfterProcessingInitializeOnLoad (15ms)
		AwakeInstancesAfterBackupRestoration (8ms)
Refreshing native plugins compatible for Editor in 4.24 ms, found 5 plugins.
Unloading 0 Unused Serialized files (Serialized files now loaded: 0)
Unloading 5342 unused Assets / (1.1 MB). Loaded Objects now: 6105.
Memory consumption went from 284.9 MB to 283.8 MB.
Total: 6.833400 ms (FindLiveObjects: 0.482800 ms CreateObjectMapping: 1.044800 ms MarkObjects: 4.469400 ms  DeleteObjects: 0.835500 ms)

Prepare: number of updated asset objects reloaded= 0
EnvironmentDependencyValues requested are different than current active one (requested -> active):
  graphicsApiMask: 2048 -> 264192
========================================================================
Received Import Request.
  Time of request: 2026-10-01T22:24:34.3780537Z
  Time since last request: 252535.18243029998848 seconds.
  importAddress: GUID: 7adb7fd8b2bde3645833095dd35d9ffa - Path: Assets/Scripts/Editor/PuzzleSlicer.cs - Importer: PreviewImporter
Importing 'GUID: 7adb7fd8b2bde3645833095dd35d9ffa - Path: Assets/Scripts/Editor/PuzzleSlicer.cs - Importer: PreviewImporter' with importer (PreviewImporter)
Imported 'GUID: 7adb7fd8b2bde3645833095dd35d9ffa' -> (Import Result ID: '01e7fc980a02ea77dbdb169a1efd6860') in 0.008 seconds [static and dynamic dependencies]. Details - ImportResultOutputID=6233d5a15ff5b53fb01e832ef98b5fde DependenciesID=5eb3f93458a729140ca4d88f00200193 StaticDependenciesID=a56c241a1fbbda29087e2596fb102d2b 
Number of updated asset objects reloaded before import = 0
Number of asset objects unloaded after import = 0
========================================================================
Received Import Request.
  Time of request: 2026-10-01T22:24:36.6267257Z
  Time since last request: 2.2391185 seconds.
  importAddress: GUID: 909982c197ca41943855ac91e491233c - Path: Assets/Scripts/Editor/PuzzleSetup.cs - Importer: PreviewImporter
Importing 'GUID: 909982c197ca41943855ac91e491233c - Path: Assets/Scripts/Editor/PuzzleSetup.cs - Importer: PreviewImporter' with importer (PreviewImporter)
Imported 'GUID: 909982c197ca41943855ac91e491233c' -> (Import Result ID: '0ed12e49f753c5c6d4de1b4bd02b3f5b') in 0.001 seconds [static and dynamic dependencies]. Details - ImportResultOutputID=9b27c4af1f6d138b9f1a9e43da7bd6b6 DependenciesID=a189cf0d4f7e46343df44ed404f22660 StaticDependenciesID=9d983d30bac9950ba21a67bd3aa5ebb2 
Number of updated asset objects reloaded before import = 0
Number of asset objects unloaded after import = 0
========================================================================
Received Import Request.
  Time of request: 2026-10-01T22:24:39.5999042Z
  Time since last request: 2.971529 seconds.
  importAddress: GUID: 069143c14d61cdf4ba7ac450d3fa403c - Path: Assets/Scripts/Editor/PuzzleDiagnostico.cs - Importer: PreviewImporter
Importing 'GUID: 069143c14d61cdf4ba7ac450d3fa403c - Path: Assets/Scripts/Editor/PuzzleDiagnostico.cs - Importer: PreviewImporter' with importer (PreviewImporter)
Imported 'GUID: 069143c14d61cdf4ba7ac450d3fa403c' -> (Import Result ID: '77b40e82508774d4edc296498a6b8df6') in 0.001 seconds [static and dynamic dependencies]. Details - ImportResultOutputID=a3d58056f711f508e5c9fb93ac735492 DependenciesID=e8ef331251c5c05d424b28e46a3a1375 StaticDependenciesID=47c5d00df6a79cb9f3411963e1d6e116 
Number of updated asset objects reloaded before import = 0
Number of asset objects unloaded after import = 0
========================================================================
Received Import Request.
  Time of request: 2026-10-01T22:24:54.6501156Z
  Time since last request: 15.0487112 seconds.
  importAddress: GUID: 2575d873076bc034c9f73df8d12ec801 - Path: Assets/Scripts/MenuController.cs - Importer: PreviewImporter
Importing 'GUID: 2575d873076bc034c9f73df8d12ec801 - Path: Assets/Scripts/MenuController.cs - Importer: PreviewImporter' with importer (PreviewImporter)
Imported 'GUID: 2575d873076bc034c9f73df8d12ec801' -> (Import Result ID: 'e190c9ad3daf6b7cf9a10c8e656d4fcc') in 0.001 seconds [static and dynamic dependencies]. Details - ImportResultOutputID=b6e4fc09baf73f3c77e39dbaf78f1e51 DependenciesID=62c1b856c6ecb7258c51f006f6ba6c50 StaticDependenciesID=2f361c9cde68df01a9c6196ae5b204c9 
Number of updated asset objects reloaded before import = 0
Number of asset objects unloaded after import = 0
========================================================================
Received Prepare
AcceleratorClientConnectionCallback - disconnected - :0
[Licensing::Client] Successfully resolved entitlement details
Begin MonoManager ReloadAssembly
Refreshing native plugins compatible for Editor in 4.52 ms, found 5 plugins.
Native extension for WindowsStandalone target not found
Native extension for WebGL target not found
[Package Manager] Failed to launch server process. Reason: Unity was launched with the -noUpm command-line argument
[Package Manager] Unable to send message (not connected to server process).
[Package Manager] Cannot connect to Unity Package Manager local server
[Package Manager] Failed to launch server process. Reason: Unity was launched with the -noUpm command-line argument
[Package Manager] Unable to send message (not connected to server process).
[Package Manager] Cannot connect to Unity Package Manager local server
ScheduleIndexationOnStartup MainProcess:False IndexOnStartup:True
Mono: successfully reloaded assembly
- Finished resetting the current domain, in  0.756 seconds
Domain Reload Profiling: 1940ms
	BeginReloadAssembly (365ms)
		DisableScriptedObjects (20ms)
		CreateAndSetChildDomain (64ms)
	RebuildCommonClasses (9ms)
	RebuildNativeTypeToScriptingClass (16ms)
	initialDomainReloadingComplete (102ms)
	LoadAllAssembliesAndSetupDomain (692ms)
		LoadAssemblies (550ms)
		AnalyzeDomain (156ms)
			TypeCache.Refresh (8ms)
			BuildScriptInfoCaches (143ms)
			ResolveRequiredComponents (3ms)
	FinalizeReload (757ms)
		SetupLoadedEditorAssemblies (0ms)
			BeforeProcessingInitializeOnLoad (88ms)
			ProcessInitializeOnLoadAttributes (378ms)
			ProcessInitializeOnLoadMethodAttributes (81ms)
			AfterProcessingInitializeOnLoad (18ms)
		AwakeInstancesAfterBackupRestoration (8ms)
Refreshing native plugins compatible for Editor in 5.54 ms, found 5 plugins.
Unloading 0 Unused Serialized files (Serialized files now loaded: 0)
Unloading 5342 unused Assets / (1.2 MB). Loaded Objects now: 6110.
Memory consumption went from 288.3 MB to 287.1 MB.
Total: 8.186000 ms (FindLiveObjects: 0.535700 ms CreateObjectMapping: 1.622700 ms MarkObjects: 4.955700 ms  DeleteObjects: 1.071200 ms)

Prepare: number of updated asset objects reloaded= 0
EnvironmentDependencyValues requested are different than current active one (requested -> active):
  graphicsApiMask: 2048 -> 264192
Editor requested this worker to shutdown with reason: Editor is closing down
AcceleratorClientConnectionCallback - disconnected - :0
AssetImportWorker is now disconnected from the server
Process exiting
Exiting without the bug reporter. Application will terminate with return code 0