[Licensing::Module] Trying to connect to existing licensing client channel...
Built from '6000.5/staging' branch; Version is '6000.5.8f1 (5cb7df797b7d) revision 6076383'; Using compiler version '194234433'; Build Type 'Release'
[Licensing::IpcConnector] Successfully connected to: "LicenseClient-rouch" at "2026-10-01T01:33:55.5090869Z"
OS: 'Windows 11  (10.0.26200) Core' Language: 'en' Physical Memory: 32656 MB
BatchMode: 0, IsHumanControllingUs: 1, StartBugReporterOnCrash: 1, Is64bit: 1
System  architecture: x64
Process architecture: x64
Date: 2026-10-01T01:33:55Z
[Licensing::Client] Code 10 while verifying Licensing Client signature (process Id: 8156, path: "C:/Program Files/Unity Hub/UnityLicensingClient_V1/Unity.Licensing.Client.exe")
[Licensing::Module] LicensingClient has failed validation; ignoring
[Licensing::Client] Handshaking with LicensingClient:
  Version:                 1.18.3+d7ffd15
  Session Id:              0e192539d90c4842acff498fca37afcc
  Correlation Id:          3770e63bdc8deac2ddb40685ce2127b6
  External correlation Id: 6595958800830553387
  Machine Id:              m1qeZnm7sDzaOkMRI9JbU4xs/j8=
[Licensing::Module] Successfully connected to LicensingClient on channel: "LicenseClient-rouch" (connect: 0.00s, validation: 0.00s, handshake: 0.06s)
[Licensing::IpcConnector] Successfully connected to: "LicenseClient-rouch-notifications" at "2026-10-01T01:33:55.5757078Z"
[Licensing::Client] Successfully updated the access token
[Licensing::Module] Successfully updated the access token EYf1q5m5oP...
[Licensing::Client] Successfully resolved entitlement details
[Licensing::Module] License group:
  Id: 4674159921533-UnityPersXXXX
  Product: Unity Personal
  Type: Assigned
  Expiration: Unlimited
[Licensing::Client] Successfully updated license, isAsync: True, time: 0.01
[Licensing::Client] Successfully resolved entitlement details
[Licensing::Module] Licensing Background thread has ended after 0.09s

COMMAND LINE ARGUMENTS:
C:\Program Files\Unity\Hub\Editor\6000.5.8f1\Editor\Unity.exe
-projectpath
C:\Users\rouch\PuzzleKiosko
-acceptSoftwareTermsForThisRunOnly
-useHub
-hubIPC
-cloudEnvironment
production
-licensingIpc
LicenseClient-rouch
-hubSessionId
6bc3a4ea-a7e8-4f08-b7f1-7c49e3279100
-accessToken
EYf1q5m5oPY1ae2evLyLxIzJr69myHKeaeK863Bp7J8004f
Successfully changed project path to: C:\Users\rouch\PuzzleKiosko
C:/Users/rouch/PuzzleKiosko
[UnityMemory] Configuration Parameters - Can be set up in boot.config
    "memorysetup-temp-allocator-size-gi-baking-worker=262144"
    "memorysetup-temp-allocator-size-gi-baking-worker=262144"
    "memorysetup-temp-allocator-size-gi-baking-worker=262144"
    "memorysetup-temp-allocator-size-gi-baking-worker=262144"
    "memorysetup-temp-allocator-size-gi-baking-worker=262144"
    "memorysetup-temp-allocator-size-nav-mesh-worker=65536"
    "memorysetup-temp-allocator-size-audio-worker=65536"
    "memorysetup-temp-allocator-size-cloud-worker=32768"
    "memorysetup-temp-allocator-size-gfx=262144"
    "memorysetup-temp-allocator-size-preload-manager=33554432"
    "memorysetup-allocator-temp-initial-block-size-main=262144"
    "memorysetup-allocator-temp-initial-block-size-worker=262144"
    "memorysetup-temp-allocator-size-job-worker=262144"
    "memorysetup-temp-allocator-size-background-worker=32768"
    "memorysetup-bucket-allocator-granularity=16"
    "memorysetup-bucket-allocator-bucket-count=8"
    "memorysetup-bucket-allocator-block-size=33554432"
    "memorysetup-bucket-allocator-block-count=8"
    "memorysetup-main-allocator-block-size=16777216"
    "memorysetup-thread-allocator-block-size=16777216"
    "memorysetup-main-allocator-mimalloc-enabled=0"
    "memorysetup-gfx-main-allocator-block-size=16777216"
    "memorysetup-gfx-thread-allocator-block-size=16777216"
    "memorysetup-cache-allocator-block-size=4194304"
    "memorysetup-typetree-allocator-block-size=2097152"
    "memorysetup-profiler-bucket-allocator-granularity=16"
    "memorysetup-profiler-bucket-allocator-bucket-count=8"
    "memorysetup-profiler-bucket-allocator-block-size=33554432"
    "memorysetup-profiler-bucket-allocator-block-count=8"
    "memorysetup-profiler-allocator-block-size=16777216"
    "memorysetup-profiler-editor-allocator-block-size=1048576"
    "memorysetup-temp-allocator-size-main=16777216"
    "memorysetup-job-temp-allocator-block-size=2097152"
    "memorysetup-job-temp-allocator-block-size-background=1048576"
    "memorysetup-job-temp-allocator-reduction-small-platforms=262144"
Player connection [8148]  Target information:

Player connection [8148]  * "[IP] 192.168.1.24 [Port] 55504 [Flags] 2 [Guid] 853554776 [EditorId] 853554776 [Version] 1048832 [Id] WindowsEditor(7,PC-BUILD) [Debug] 1 [PackageName] WindowsEditor [ProjectName] Editor" 

Player connection [8148] Host joined multi-casting on [225.0.0.222:54997]...
Player connection [8148] Host joined alternative multi-casting on [225.0.0.222:34997]...
Input System module state changed to: Initialized.
[Physics::Module] Initialized fallback backend.
[Physics::Module] Id: 0xdecafbad
[Package Manager] Connected to IPC stream "Upm-8392" after 0.4 seconds.
[Licensing::Client] Successfully resolved entitlement details
Library Redirect Path: Library/
[Physics::Module] Selected backend.
[Physics::Module] Name: PhysX
[Physics::Module] Id: 0xf2b8ea05
[Physics::Module] SDK Version: 4.1.2
[Physics::Module] Integration Version: 1.0.0
[Physics::Module] Threading Mode: Multi-Threaded
Refreshing native plugins compatible for Editor in 3.56 ms, found 0 plugins.
Initialize engine version: 6000.5.8f1 (5cb7df797b7d)
[Subsystems] Discovering subsystems at path C:/Program Files/Unity/Hub/Editor/6000.5.8f1/Editor/Data/Resources/UnitySubsystems
[Subsystems] Discovering subsystems at path C:/Users/rouch/PuzzleKiosko/Assets
[D3D12 Device Filter] Vendor Name: NVIDIA
[D3D12 Device Filter] Device Name: NVIDIA GeForce RTX 4060
[D3D12 Device Filter] Driver Version: 32.0.16.1714
[D3D12 Device Filter] Feature Level: 12.2
[D3D12 Device Filter] Graphics Memory: 7957 MB
[D3D12 Device Filter] Processor Count: 16
[D3D12 Device Filter] Device Type: Discrete
GfxDevice: creating device client; kGfxThreadingModeThreaded
d3d12: failed to query info queue interface (0x80004002).
Direct3D:
    Version:         Direct3D 12 [level 12.2]
    Renderer:        NVIDIA GeForce RTX 4060 (ID=0x2882)
    Vendor:          NVIDIA
    VRAM:            7957 MB
    App VRAM Budget: 7189 MB
    Driver:          32.0.16.1714
Initialize mono
Mono path[0] = 'C:/Program Files/Unity/Hub/Editor/6000.5.8f1/Editor/Data/Managed'
Mono path[1] = 'C:/Program Files/Unity/Hub/Editor/6000.5.8f1/Editor/Data/BCLExtensions/runtime/netstandard2.1'
Mono path[2] = 'C:/Program Files/Unity/Hub/Editor/6000.5.8f1/Editor/Data/MonoBleedingEdge/lib/mono/unityjit-win32'
Mono config path = 'C:/Program Files/Unity/Hub/Editor/6000.5.8f1/Editor/Data/MonoBleedingEdge/etc'
Using monoOptions --debugger-agent=transport=dt_socket,embedding=1,server=y,suspend=n,address=127.0.0.1:56392
CodeReloadManager initialized
ImportWorker Server TCP listen port: 0
AcceleratorClientConnectionCallback - disconnected - :0
Begin MonoManager ReloadAssembly
Registering precompiled unity dll's ...
Register platform support module: C:/Program Files/Unity/Hub/Editor/6000.5.8f1/Editor/Data/PlaybackEngines/WebGLSupport/UnityEditor.WebGL.Extensions.dll
Register platform support module: C:/Program Files/Unity/Hub/Editor/6000.5.8f1/Editor/Data/PlaybackEngines/WindowsStandaloneSupport/UnityEditor.WindowsStandalone.Extensions.dll
Registered in 0.349850 seconds.
Native extension for WindowsStandalone target not found
Native extension for WebGL target not found
Package Manager log level set to [2]
ScheduleIndexationOnStartup MainProcess:False IndexOnStartup:True
Mono: successfully reloaded assembly
- Finished resetting the current domain, in  1.650 seconds
Domain Reload Profiling: 3916ms
	BeginReloadAssembly (310ms)
		CreateAndSetChildDomain (5ms)
	RebuildCommonClasses (6ms)
	RebuildNativeTypeToScriptingClass (168ms)
	initialDomainReloadingComplete (559ms)
	LoadAllAssembliesAndSetupDomain (1222ms)
		LoadAssemblies (300ms)
		AnalyzeDomain (1122ms)
			TypeCache.Refresh (1120ms)
				TypeCache.ScanAssembly (914ms)
	FinalizeReload (1651ms)
		SetupLoadedEditorAssemblies (0ms)
			InitializePlatformSupportModulesInManaged (3ms)
			BeforeProcessingInitializeOnLoad (87ms)
			ProcessInitializeOnLoadAttributes (113ms)
			ProcessInitializeOnLoadMethodAttributes (1384ms)
[Licensing::Client] Successfully resolved entitlement details
Application.AssetDatabase Initial Refresh Start
[Package Manager] Restoring resolved packages state from cache
[Licensing::Client] Successfully resolved entitlement details
[Package Manager] Registered 62 packages:
  Packages from [https://packages.unity.com]:
    com.unity.collab-proxy@2.13.5 (location: C:\Users\rouch\PuzzleKiosko\Library\PackageCache\com.unity.collab-proxy@120d77864ebc)
    com.unity.ide.rider@3.0.38 (location: C:\Users\rouch\PuzzleKiosko\Library\PackageCache\com.unity.ide.rider@1f60b3138684)
    com.unity.ide.visualstudio@2.0.26 (location: C:\Users\rouch\PuzzleKiosko\Library\PackageCache\com.unity.ide.visualstudio@a99d56dec63f)
    com.unity.inputsystem@1.20.0 (location: C:\Users\rouch\PuzzleKiosko\Library\PackageCache\com.unity.inputsystem@7a4e1a2a8194)
    com.unity.timeline@1.8.12 (location: C:\Users\rouch\PuzzleKiosko\Library\PackageCache\com.unity.timeline@8cd8509afae5)
    com.unity.visualscripting@1.9.12 (location: C:\Users\rouch\PuzzleKiosko\Library\PackageCache\com.unity.visualscripting@4edfcc09512f)
    com.unity.2d.animation@15.1.0 (location: C:\Users\rouch\PuzzleKiosko\Library\PackageCache\com.unity.2d.animation@6d5a363ae647)
    com.unity.2d.pixel-perfect@6.0.0 (location: C:\Users\rouch\PuzzleKiosko\Library\PackageCache\com.unity.2d.pixel-perfect@a860cb24a0cc)
    com.unity.2d.psdimporter@14.0.3 (location: C:\Users\rouch\PuzzleKiosko\Library\PackageCache\com.unity.2d.psdimporter@5d82044f9e43)
    com.unity.2d.spriteshape@15.0.3 (location: C:\Users\rouch\PuzzleKiosko\Library\PackageCache\com.unity.2d.spriteshape@fcb7ec61a58b)
    com.unity.2d.tilemap.extras@8.0.3 (location: C:\Users\rouch\PuzzleKiosko\Library\PackageCache\com.unity.2d.tilemap.extras@a80140457adc)
    com.unity.2d.aseprite@5.0.3 (location: C:\Users\rouch\PuzzleKiosko\Library\PackageCache\com.unity.2d.aseprite@d13865913efa)
    com.unity.2d.tooling@3.0.1 (location: C:\Users\rouch\PuzzleKiosko\Library\PackageCache\com.unity.2d.tooling@6f06ffb033c0)
    com.unity.2d.common@14.0.1 (location: C:\Users\rouch\PuzzleKiosko\Library\PackageCache\com.unity.2d.common@73badf92ba8b)
    com.unity.burst@1.8.30 (location: C:\Users\rouch\PuzzleKiosko\Library\PackageCache\com.unity.burst@2f3d916873ea)
    com.unity.nuget.mono-cecil@1.11.6 (location: C:\Users\rouch\PuzzleKiosko\Library\PackageCache\com.unity.nuget.mono-cecil@ecb9724e46ff)
    com.unity.test-framework.performance@3.5.0 (location: C:\Users\rouch\PuzzleKiosko\Library\PackageCache\com.unity.test-framework.performance@8b56083ec0f0)
  Built-in packages:
    com.unity.feature.2d@2.0.2 (location: C:\Users\rouch\PuzzleKiosko\Library\PackageCache\com.unity.feature.2d@11724ae7e5b5)
    com.unity.multiplayer.center@1.0.1 (location: C:\Users\rouch\PuzzleKiosko\Library\PackageCache\com.unity.multiplayer.center@b860850997d0)
    com.unity.test-framework@1.7.0 (location: C:\Users\rouch\PuzzleKiosko\Library\PackageCache\com.unity.test-framework@1405238725ab)
    com.unity.ugui@2.5.0 (location: C:\Users\rouch\PuzzleKiosko\Library\PackageCache\com.unity.ugui@1c4864518158)
    com.unity.modules.accessibility@1.0.0 (location: C:\Users\rouch\PuzzleKiosko\Library\PackageCache\com.unity.modules.accessibility)
    com.unity.modules.adaptiveperformance@1.0.0 (location: C:\Users\rouch\PuzzleKiosko\Library\PackageCache\com.unity.modules.adaptiveperformance)
    com.unity.modules.ai@1.0.0 (location: C:\Users\rouch\PuzzleKiosko\Library\PackageCache\com.unity.modules.ai)
    com.unity.modules.androidjni@1.0.0 (location: C:\Users\rouch\PuzzleKiosko\Library\PackageCache\com.unity.modules.androidjni)
    com.unity.modules.animation@1.0.0 (location: C:\Users\rouch\PuzzleKiosko\Library\PackageCache\com.unity.modules.animation)
    com.unity.modules.assetbundle@1.0.0 (location: C:\Users\rouch\PuzzleKiosko\Library\PackageCache\com.unity.modules.assetbundle)
    com.unity.modules.audio@1.0.0 (location: C:\Users\rouch\PuzzleKiosko\Library\PackageCache\com.unity.modules.audio)
    com.unity.modules.cloth@1.0.0 (location: C:\Users\rouch\PuzzleKiosko\Library\PackageCache\com.unity.modules.cloth)
    com.unity.modules.director@1.0.0 (location: C:\Users\rouch\PuzzleKiosko\Library\PackageCache\com.unity.modules.director)
    com.unity.modules.imageconversion@1.0.0 (location: C:\Users\rouch\PuzzleKiosko\Library\PackageCache\com.unity.modules.imageconversion)
    com.unity.modules.imgui@1.0.0 (location: C:\Users\rouch\PuzzleKiosko\Library\PackageCache\com.unity.modules.imgui)
    com.unity.modules.jsonserialize@1.0.0 (location: C:\Users\rouch\PuzzleKiosko\Library\PackageCache\com.unity.modules.jsonserialize)
    com.unity.modules.particlesystem@1.0.0 (location: C:\Users\rouch\PuzzleKiosko\Library\PackageCache\com.unity.modules.particlesystem)
    com.unity.modules.physics@1.0.0 (location: C:\Users\rouch\PuzzleKiosko\Library\PackageCache\com.unity.modules.physics)
    com.unity.modules.physics2d@1.0.0 (location: C:\Users\rouch\PuzzleKiosko\Library\PackageCache\com.unity.modules.physics2d)
    com.unity.modules.physicscore2d@1.0.0 (location: C:\Users\rouch\PuzzleKiosko\Library\PackageCache\com.unity.modules.physicscore2d)
    com.unity.modules.screencapture@1.0.0 (location: C:\Users\rouch\PuzzleKiosko\Library\PackageCache\com.unity.modules.screencapture)
    com.unity.modules.terrain@1.0.0 (location: C:\Users\rouch\PuzzleKiosko\Library\PackageCache\com.unity.modules.terrain)
    com.unity.modules.terrainphysics@1.0.0 (location: C:\Users\rouch\PuzzleKiosko\Library\PackageCache\com.unity.modules.terrainphysics)
    com.unity.modules.tilemap@1.0.0 (location: C:\Users\rouch\PuzzleKiosko\Library\PackageCache\com.unity.modules.tilemap)
    com.unity.modules.ui@1.0.0 (location: C:\Users\rouch\PuzzleKiosko\Library\PackageCache\com.unity.modules.ui)
    com.unity.modules.uielements@1.0.0 (location: C:\Users\rouch\PuzzleKiosko\Library\PackageCache\com.unity.modules.uielements)
    com.unity.modules.umbra@1.0.0 (location: C:\Users\rouch\PuzzleKiosko\Library\PackageCache\com.unity.modules.umbra)
    com.unity.modules.unityanalytics@1.0.0 (location: C:\Users\rouch\PuzzleKiosko\Library\PackageCache\com.unity.modules.unityanalytics)
    com.unity.modules.unitywebrequest@1.0.0 (location: C:\Users\rouch\PuzzleKiosko\Library\PackageCache\com.unity.modules.unitywebrequest)
    com.unity.modules.unitywebrequestassetbundle@1.0.0 (location: C:\Users\rouch\PuzzleKiosko\Library\PackageCache\com.unity.modules.unitywebrequestassetbundle)
    com.unity.modules.unitywebrequestaudio@1.0.0 (location: C:\Users\rouch\PuzzleKiosko\Library\PackageCache\com.unity.modules.unitywebrequestaudio)
    com.unity.modules.unitywebrequesttexture@1.0.0 (location: C:\Users\rouch\PuzzleKiosko\Library\PackageCache\com.unity.modules.unitywebrequesttexture)
    com.unity.modules.unitywebrequestwww@1.0.0 (location: C:\Users\rouch\PuzzleKiosko\Library\PackageCache\com.unity.modules.unitywebrequestwww)
    com.unity.modules.vectorgraphics@1.0.0 (location: C:\Users\rouch\PuzzleKiosko\Library\PackageCache\com.unity.modules.vectorgraphics)
    com.unity.modules.vehicles@1.0.0 (location: C:\Users\rouch\PuzzleKiosko\Library\PackageCache\com.unity.modules.vehicles)
    com.unity.modules.video@1.0.0 (location: C:\Users\rouch\PuzzleKiosko\Library\PackageCache\com.unity.modules.video)
    com.unity.modules.wind@1.0.0 (location: C:\Users\rouch\PuzzleKiosko\Library\PackageCache\com.unity.modules.wind)
    com.unity.modules.xr@1.0.0 (location: C:\Users\rouch\PuzzleKiosko\Library\PackageCache\com.unity.modules.xr)
    com.unity.modules.subsystems@1.0.0 (location: C:\Users\rouch\PuzzleKiosko\Library\PackageCache\com.unity.modules.subsystems)
    com.unity.modules.hierarchycore@1.0.0 (location: C:\Users\rouch\PuzzleKiosko\Library\PackageCache\com.unity.modules.hierarchycore)
    com.unity.ext.nunit@2.1.0 (location: C:\Users\rouch\PuzzleKiosko\Library\PackageCache\com.unity.ext.nunit@44f7d31723bd)
    com.unity.2d.sprite@1.0.0 (location: C:\Users\rouch\PuzzleKiosko\Library\PackageCache\com.unity.2d.sprite@053a968eab56)
    com.unity.2d.tilemap@1.0.0 (location: C:\Users\rouch\PuzzleKiosko\Library\PackageCache\com.unity.2d.tilemap@b959501fd678)
    com.unity.collections@6.5.0 (location: C:\Users\rouch\PuzzleKiosko\Library\PackageCache\com.unity.collections@ec2c217e4cb2)
    com.unity.mathematics@1.4.0 (location: C:\Users\rouch\PuzzleKiosko\Library\PackageCache\com.unity.mathematics@981956d94fb6)
[Subsystems] No new subsystems found in resolved package list.
[Package Manager] Done registering packages in 0.03 seconds
info: Microsoft.Hosting.Lifetime[14]
      Now listening on: http://localhost:80
info: Microsoft.Hosting.Lifetime[0]
      Application started. Press Ctrl+C to shut down.
info: Microsoft.Hosting.Lifetime[0]
      Hosting environment: Production
info: Microsoft.Hosting.Lifetime[0]
      Content root path: C:\Users\rouch\PuzzleKiosko
info: Microsoft.AspNetCore.Hosting.Diagnostics[1]
      Request starting HTTP/2 POST http://ilpp/UnityILPP.PostProcessing/Ping - application/grpc -
info: Microsoft.AspNetCore.Routing.EndpointMiddleware[0]
      Executing endpoint 'gRPC - /UnityILPP.PostProcessing/Ping'
info: Microsoft.AspNetCore.Routing.EndpointMiddleware[1]
      Executed endpoint 'gRPC - /UnityILPP.PostProcessing/Ping'
info: Microsoft.AspNetCore.Hosting.Diagnostics[2]
      Request finished HTTP/2 POST http://ilpp/UnityILPP.PostProcessing/Ping - 200 - application/grpc 40.5427ms
Starting: C:\Program Files\Unity\Hub\Editor\6000.5.8f1\Editor\Data\Tools\BuildPipeline\bee_backend.exe --ipc --defer-dag-verification --dagfile="Library/Bee/2000b0aE.dag" --continue-on-failure --profile="Library/Bee/backend1.traceevents" ScriptAssemblies
WorkingDir: C:/Users/rouch/PuzzleKiosko
info: Microsoft.AspNetCore.Hosting.Diagnostics[1]
      Request starting HTTP/2 POST http://ilpp/UnityILPP.PostProcessing/ConfigurePostProcessors - application/grpc -
info: Microsoft.AspNetCore.Routing.EndpointMiddleware[0]
      Executing endpoint 'gRPC - /UnityILPP.PostProcessing/ConfigurePostProcessors'
warn: Unity.ILPP.Runner.PostProcessingAssemblyLoadContext[0]
      Assembly system.runtime.interopservices.windowsruntime has duplicate hint path. Ignoring "C:\Program Files\Unity\Hub\Editor\6000.5.8f1\Editor\Data\UnityReferenceAssemblies\unity-4.8-api\Facades\System.Runtime.InteropServices.WindowsRuntime.dll" in favor of "C:\Program Files\Unity\Hub\Editor\6000.5.8f1\Editor\Data\NetStandard\Extensions\2.0.0\System.Runtime.InteropServices.WindowsRuntime.dll"
warn: Unity.ILPP.Runner.PostProcessingAssemblyLoadContext[0]
      Assembly system.componentmodel.composition has duplicate hint path. Ignoring "C:\Program Files\Unity\Hub\Editor\6000.5.8f1\Editor\Data\UnityReferenceAssemblies\unity-4.8-api\System.ComponentModel.Composition.dll" in favor of "C:\Program Files\Unity\Hub\Editor\6000.5.8f1\Editor\Data\NetStandard\compat\2.1.0\shims\netfx\System.ComponentModel.Composition.dll"
info: Unity.ILPP.Runner.PostProcessingAssemblyLoadContext[0]
      Resolved Unity.Burst.Cecil, Version=0.11.6.0, Culture=neutral, PublicKeyToken=50cebf1cceb9d05e with Library\PackageCache\com.unity.burst@2f3d916873ea\Unity.Burst.CodeGen\Unity.Burst.Cecil.dll
info: Unity.ILPP.Runner.PostProcessingAssemblyLoadContext[0]
      Resolved Mono.Cecil, Version=0.11.5.0, Culture=neutral, PublicKeyToken=50cebf1cceb9d05e with Library\PackageCache\com.unity.nuget.mono-cecil@ecb9724e46ff\Mono.Cecil.dll
info: Microsoft.AspNetCore.Routing.EndpointMiddleware[1]
      Executed endpoint 'gRPC - /UnityILPP.PostProcessing/ConfigurePostProcessors'
info: Microsoft.AspNetCore.Hosting.Diagnostics[2]
      Request finished HTTP/2 POST http://ilpp/UnityILPP.PostProcessing/ConfigurePostProcessors - 200 - application/grpc 350.7222ms
ExitCode: 0 Duration: 15s
[636/881    0s] ILPP-Configuration Library/ilpp-configuration.nevergeneratedoutput
*** Tundra build success (15.85 seconds), 1 items updated, 881 evaluated
AssetDatabase: script compilation time: 16.761472s
Begin MonoManager ReloadAssembly
Refreshing native plugins compatible for Editor in 70.87 ms, found 5 plugins.
Native extension for WindowsStandalone target not found
Native extension for WebGL target not found
Refreshing native plugins compatible for Editor in 5.22 ms, found 5 plugins.
ScheduleIndexationOnStartup MainProcess:True IndexOnStartup:True
Mono: successfully reloaded assembly
- Finished resetting the current domain, in  3.235 seconds
Domain Reload Profiling: 5516ms
	BeginReloadAssembly (363ms)
		DisableScriptedObjects (29ms)
		CreateAndSetChildDomain (152ms)
	RebuildCommonClasses (7ms)
	RebuildNativeTypeToScriptingClass (15ms)
	initialDomainReloadingComplete (87ms)
	LoadAllAssembliesAndSetupDomain (1807ms)
		LoadAssemblies (1610ms)
		AnalyzeDomain (181ms)
			TypeCache.Refresh (132ms)
				TypeCache.ScanAssembly (123ms)
			BuildScriptInfoCaches (44ms)
			ResolveRequiredComponents (3ms)
	FinalizeReload (3236ms)
		SetupLoadedEditorAssemblies (0ms)
			BeforeProcessingInitializeOnLoad (79ms)
			ProcessInitializeOnLoadAttributes (2851ms)
			ProcessInitializeOnLoadMethodAttributes (105ms)
			AfterProcessingInitializeOnLoad (17ms)
		AwakeInstancesAfterBackupRestoration (28ms)
Starting new worker id: 0 with log in C:/Users/rouch/PuzzleKiosko/Logs/AssetImportWorkerHW0.log

Asset Pipeline Refresh (id=29888aae32e5a484283d68398e4fd4e1): Total: 28.778 seconds - Initiated by InitialRefreshV2(ForceSynchronousImport)
	(Values over 0.05ms)
	Summary:
		Imports: total=0 (actual=0, local cache=0, cache server=0)
		Asset DB Process Time: managed=0 ms, native=9465 ms
		Asset DB Callback time: managed=35 ms, native=42 ms
		Scripting: domain reloads=1, domain reload time=2382 ms, compile time=16764 ms, other=89 ms
		Project Asset Count: scripts=1152, non-scripts=2021
		Asset File Changes: new=0, changed=0, moved=0, deleted=0
		Scan Filter Count: 0
	InvokePackagesCallback: 46.280ms
	ApplyChangesToAssetFolders: 0.740ms
	Scan: 184.132ms
	Collect global state as custom dependencies: 15.566ms
	CategorizeScriptCompilationAssets: 1694.837ms
	ProcessAssetsWithTransientArtifactChanges: 58.230ms
	CategorizeAssets: 25.136ms
	CompileScripts: 16763.504ms
	ImportOutOfDateAssets: 3371.116ms (3338.602ms without children)
		UnloadImportedAssets: 0.144ms
		EnsureUptoDateAssetsAreRegisteredWithGuidPM: 0.456ms
		ImportSchedulerStart: 31.911ms
	PostProcessAllAssets: 35.199ms
		MonoPostProcessAllAssets: 35.129ms
			WindowAssetPostprocessingWatcher.OnPostprocessAllAssets 9.836ms
			SyncVS.PostprocessSyncProject 4.815ms
			EditModeScopePostprocessor.OnPostprocessAllAssets 1.345ms
			SpeedTree9Postprocessor.OnPostprocessAllAssets 0.907ms
			InputActionAssetPostprocessor.OnPostprocessAllAssets 0.392ms
			ReferencedClipsPostProcessor.OnPostprocessAllAssets 0.321ms
			TerrainToolbarOverlayPostProcessor.OnPostprocessAllAssets 0.260ms
			AssetDatabaseCallbacks.OnPostprocessAllAssets 0.244ms
			ProjectSettingsPostprocessor.OnPostprocessAllAssets 0.156ms
			RenderPipelineGlobalSettingsPostprocessor.OnPostprocessAllAssets 0.078ms
	UnloadStreamsBegin: 1.581ms
	PersistCurrentRevisions: 0.069ms
	GenerateScriptTypeHashes: 2.241ms
	GenerateScriptTypeSerializationHashes: 4.741ms
	Untracked: 6575.962ms

Application.AssetDatabase Initial Refresh End
Launched and connected shader compiler UnityShaderCompiler.exe after 0.05 seconds
Scanning for USB devices : 8.658ms
Initializing Unity extensions:
[MODES] ModeService[none].Initialize
[MODES] ModeService[none].LoadModes
[MODES] Loading mode Default (0) for mode-current-id-PuzzleKiosko
Unloading 17 Unused Serialized files (Serialized files now loaded: 0)
Loaded scene 'Assets/Scenes/SampleScene.unity'
	Deserialize:            135.120 ms
	Integration:            277.723 ms
	Integration of assets:  3.236 ms
	Thread Wait Time:       15.205 ms
	Total Operation Time:   431.284 ms
Unloading 5357 unused Assets / (2.6 MB). Loaded Objects now: 6440.
Memory consumption went from 363.3 MB to 360.7 MB.
Total: 10.907800 ms (FindLiveObjects: 0.584800 ms CreateObjectMapping: 1.330100 ms MarkObjects: 6.803000 ms  DeleteObjects: 2.029400 ms)

[LAYOUT] About to load UserSettings\Layouts\default-6000.dwlt, keepMainWindow=False
Worker ready: AssetImportWorkerHW0 0
[LAYOUT] About to save layout C:\Users\rouch\PuzzleKiosko\UserSettings\Layouts\default-6000.dwlt
[LAYOUT] About to save layout C:/Users/rouch/AppData/Roaming/Unity/Editor-5.x/Preferences\Layouts\current\default-6000.dwlt
[MODES] ModeService[default].InitializeCurrentMode
[MODES] ModeService[default].RaiseModeChanged(default, default)
This project uses Input Manager, which is marked for deprecation. To manage input in your project, use the <a href="https://docs.unity3d.com/Packages/com.unity.inputsystem@latest">Input System package</a> instead.
<RI> Initializing input.
Using Windows.Gaming.Input
<RI> Input initialized.
[Project] Loading completed in 44.414 seconds
	Project init time: 				42.528 seconds
		Template init time: 		0.000 seconds
		Package Manager init time: 		0.404 seconds
		Asset Database init time: 		0.533 seconds
		Global illumination init time: 	0.010 seconds
		Assemblies load time: 			10.118 seconds
		Unity extensions init time: 	0.024 seconds
		Asset Database refresh time: 	28.779 seconds
	Scene opening time: 			1.669 seconds
##utp:{"type":"ProjectInfo","version":2,"phase":"Immediate","time":1790818479905,"processId":8392,"projectLoad":44.4135105,"projectInit":42.5275466,"templateInit":0.0,"packageManagerInit":0.4037559,"assetDatabaseInit":0.5328174,"globalIlluminationInit":0.0095091,"assembliesLoad":10.1179237,"unityExtensionsInit":0.024131,"assetDatabaseRefresh":28.7786566,"sceneOpening":1.6690712}
##utp:{"type":"EditorInfo","version":2,"phase":"Immediate","time":1790818479906,"processId":8392,"editorVersion":"6000.5.8f1 (5cb7df797b7d)","branch":"6000.5/staging","buildType":"Release","platform":"Windows"}
Asset Pipeline Refresh (id=a8ce9744aec4ac4479b1dc3ceca0a75d): Total: 0.061 seconds - Initiated by RefreshV2(AllowForceSynchronousImport)
Dynamic Batching is deprecated and will be removed in a future release. Use GPU Instancing instead. Disable Dynamic Batching in Project Settings > Player > Other Settings to remove this warning.
UnityEngine.Debug:ExtractStackTraceNoAlloc (byte*,int,string)
UnityEngine.StackTraceUtility:ExtractStackTrace ()
UnityEngine.DebugLogHandler:Internal_Log (UnityEngine.LogType,UnityEngine.LogOption,string,UnityEngine.Object)
UnityEngine.DebugLogHandler:LogFormat (UnityEngine.LogType,UnityEngine.Object,string,object[])
UnityEngine.Logger:Log (UnityEngine.LogType,object)
UnityEngine.Debug:LogWarning (object)
UnityEditor.PlayerSettingsBatchingWarning:WarnIfDynamicBatchingEnabled ()
UnityEditor.EditorApplication:Internal_CallUpdateFunctions ()

Start Indexing on Editor startup
[Indexing] Starting Initial Indexing for Assets
Created GICache directory at C:/Users/rouch/AppData/LocalLow/Unity/Caches/GiCache. Took: 0.048s, timestamps: [45.485 - 45.533]
[Licensing::Client] Successfully resolved entitlement details
[Licensing::Client] Successfully resolved entitlement details
[Licensing::Client] Successfully resolved entitlement details
[Licensing::Client] Successfully updated the access token
[Licensing::Module] Successfully updated access token: "EYf1q5m5"... (expires: 2026-10-01T03:33:02Z)
UPID Received 'd4ed1437-545e-476e-9d03-8d47d3de7336'.
[Licensing::Client] Successfully resolved entitlement details
TrimDiskCacheJob: Current cache size 0mb
Scanning for USB devices : 5.155ms
Scanning for USB devices : 15.793ms
Scanning for USB devices : 32.548ms
Scanning for USB devices : 22.833ms
Scanning for USB devices : 20.899ms
Scanning for USB devices : 25.888ms
Scanning for USB devices : 28.916ms
Scanning for USB devices : 29.929ms
Scanning for USB devices : 21.738ms
Scanning for USB devices : 21.890ms
Scanning for USB devices : 20.824ms
Scanning for USB devices : 10.811ms
Scanning for USB devices : 10.914ms
Asset Pipeline Refresh (id=b5c4446bf0bbbdf499d29ac617042830): Total: 0.007 seconds - Initiated by RefreshV2(AllowForceSynchronousImport)
MonoPathRemapper: Attempts to remap: 42343; Successful remaps: 16496
Serialized file version minimum: 23, current 23
[LAYOUT] About to save layout C:\Users\rouch\PuzzleKiosko\UserSettings\Layouts\default-6000.dwlt
[LAYOUT] About to save layout C:/Users/rouch/AppData/Roaming/Unity/Editor-5.x/Preferences\Layouts\current\default-6000.dwlt
Input System module state changed to: ShutdownInProgress.
Input Polling Thread exited.
Input System module state changed to: Shutdown.
[Physics::Module] Cleanup current backend.
[Physics::Module] Id: 0xf2b8ea05
[Licensing::IpcConnector] LicenseClient-rouch-notifications channel disconnected successfully.
[Licensing::IpcConnector] LicenseClient-rouch channel disconnected successfully.
Lingering sessions upon destruction of worker manager
AcceleratorClientConnectionCallback - disconnected - :0
Cleanup mono
CodeReloadManager destroyed
debugger-agent: Unable to listen on 4944
Checking for leaked weakptr:
  Found no leaked weakptrs.
[Package Manager] Server process was shutdown
##utp:{"type":"MemoryLeaks","version":2,"phase":"Immediate","time":1790819895176,"processId":8392,"allocatedMemory":50177624,"memoryLabels":[{"Default":213021},{"Permanent":15516},{"NewDelete":64129},{"Thread":4205176},{"Manager":33861},{"VertexData":8},{"Geometry":816},{"Texture":24},{"Shader":854133},{"Material":24},{"GfxDevice":61400},{"Animation":952},{"Audio":1544},{"FreeType":8},{"FontEngine":736},{"Physics":2146},{"Physics2D":16},{"Serialization":2416},{"Input":45280},{"JobScheduler":256},{"TextLib":23254},{"Mono":48},{"ScriptingNativeRuntime":1586772},{"BaseObject":1622024},{"Resource":1208},{"Renderer":3080},{"Transform":4685},{"File":6986},{"WebCam":616},{"Culling":32},{"Terrain":11442},{"Wind":24},{"STL":40},{"String":9959},{"StaticString":3808},{"Utility":2673970},{"Curl":48},{"PoolAlloc":2216},{"AI":80},{"TypeTree":17165},{"CodeReload":448},{"RuntimeInitializeOnLoadManager":64},{"Sprites":102},{"SpriteAtlas":120},{"GI":7816},{"Director":8296},{"CloudService":7208},{"WebRequest":4753},{"VR":47114},{"SceneManager":608},{"Video":208},{"LazyScriptCache":32},{"NativeArray":33048152},{"Camera":17},{"Secure":265},{"SerializationCache":1576},{"APIUpdating":10320},{"Subsystems":336},{"VirtualTexturing":57888},{"StaticSafetyDebugInfo":278528},{"Analytics":728},{"Hierarchy":1176},{"UIElements":353888},{"CoreStats":13688},{"Identifiers":6768},{"Gui":189},{"EditorUtility":196571},{"VersionControl":8},{"Undo":931},{"AssetDatabase":4608384},{"AssetImporter":40},{"EditorGi":328},{"UnityConnect":35345},{"Upm":1988},{"UpmDiagnostics":8},{"AssetCompliance":64},{"DrivenProperties":72},{"LocalIPC":260},{"ProfilerEditor":9746},{"CoreBusinessMetrics":3480},{"Windowing":456},{"Licensing":776},{"AssetReference":32},{"IPCStream":32}]}
